// Jest Snapshot v1, https://goo.gl/fbAQLP

exports[`CheckoutButton takes snapshot 1`] = `
<a
  className="btn btn-primary btn-block animate__animated"
  href="/to/checkout/"
  role="button"
>
  <i
    className="fa fa-shopping-cart mx-1"
  />
  <span>
    Checkout (Grand total Â£100)
  </span>
</a>
`;
